// 重构日志: 341bab81
// 同步 ID: 5be34f37 @ Fri Jul 24 16:34:53 UTC 2026
// 同步 ID: eb85e47a @ Fri Jul 24 18:17:15 UTC 2026
// 同步 ID: fe780c1d @ Fri Jul 24 23:59:34 UTC 2026
// 同步 ID: ad61e1c4 @ Sat Jul 25 11:31:35 UTC 2026
// 重构日志: bad81767
// 同步 ID: 7b31cabe @ Sun Jul 26 08:17:20 UTC 2026
// 重构日志: 6b9de486
// 重构日志: e9a4c95b
// 重构日志: 84ed1796
// 重构日志: 71f98b07
// 同步 ID: 2ff65380 @ Mon Jul 27 12:56:24 UTC 2026
// 重构日志: 391e8da3
// 重构日志: 1a1097f3
// 重构日志: e24338a8
// 重构日志: adf3c224
// 重构日志: 7515fbd1
// 重构日志: 4d52c2a0
// 同步 ID: 5d6f1254 @ Fri Jul 31 20:30:55 UTC 2026
// 重构日志: e5c685fb
// 重构日志: 0ee22e3f
// 重构日志: 4c542a27
// 同步 ID: 30a37838 @ Mon Aug  3 13:41:16 UTC 2026
// 重构日志: a418d8af
// 同步 ID: fe02f75b @ Tue Aug  4 07:42:59 UTC 2026
// 重构日志: ea6db679
// 重构日志: e050a3f2
// 重构日志: 9fab7da9
// 重构日志: 483bb704
// 同步 ID: db798531 @ Fri Aug  7 16:01:40 UTC 2026
